[backblue.gif]
[fade.gif]
[index.html]
[smaco2.uestc.edu.cn/css/chunk-07a4c74b.808757e2.css]
[smaco2.uestc.edu.cn/css/chunk-15d1757e.a4bb7668.css]
[smaco2.uestc.edu.cn/css/chunk-1cf506c1.808757e2.css]
[smaco2.uestc.edu.cn/css/chunk-4448a677.808757e2.css]
[smaco2.uestc.edu.cn/css/chunk-6b407fd0.808757e2.css]
[smaco2.uestc.edu.cn/css/chunk-8ddf060c.808757e2.css]
[smaco2.uestc.edu.cn/css/chunk-b48739f8.808757e2.css]
[smaco2.uestc.edu.cn/css/chunk-c8046b5e.808757e2.css]
[smaco2.uestc.edu.cn/css/reservation.70774aa0.html]
[smaco2.uestc.edu.cn/css/test.d005bde3.css]
[smaco2.uestc.edu.cn/css/violation.6c7a9591.css]
[smaco2.uestc.edu.cn/js/chunk-07a4c74b.00cdc80e.html]
[smaco2.uestc.edu.cn/js/chunk-07b7390e.6450bec4.js]
[smaco2.uestc.edu.cn/js/chunk-15d1757e.551c9487.html]
[smaco2.uestc.edu.cn/js/chunk-1a8cf038.ed3e68c7.html]
[smaco2.uestc.edu.cn/js/chunk-1cf506c1.9ab3a5ef.html]
[smaco2.uestc.edu.cn/js/chunk-1e1da183.344e94c9.html]
[smaco2.uestc.edu.cn/js/chunk-1e319453.2c334cb0.html]
[smaco2.uestc.edu.cn/js/chunk-2bca2e41.bd0cb88b.html]
[smaco2.uestc.edu.cn/js/chunk-2d0aab24.6b5d6271.html]
[smaco2.uestc.edu.cn/js/chunk-2d0ab081.a570a041.html]
[smaco2.uestc.edu.cn/js/chunk-2d0b21d1.b68ce496.html]
[smaco2.uestc.edu.cn/js/chunk-2d0b3a77.d91451ba.html]
[smaco2.uestc.edu.cn/js/chunk-2d0b3d72.a11afcb9.html]
[smaco2.uestc.edu.cn/js/chunk-2d0b91cb.fbb64e05.html]
[smaco2.uestc.edu.cn/js/chunk-2d0ba717.ddec60d2.html]
[smaco2.uestc.edu.cn/js/chunk-2d0baaf8.a35c584b.html]
[smaco2.uestc.edu.cn/js/chunk-2d0bb297.ae0f5ec6.html]
[smaco2.uestc.edu.cn/js/chunk-2d0bd98c.9e09621c.html]
[smaco2.uestc.edu.cn/js/chunk-2d0bd9e4.d066f474.html]
[smaco2.uestc.edu.cn/js/chunk-2d0bfee4.e3000068.html]
[smaco2.uestc.edu.cn/js/chunk-2d0c267b.984b68fa.html]
[smaco2.uestc.edu.cn/js/chunk-2d0c42f4.19950d3e.html]
[smaco2.uestc.edu.cn/js/chunk-2d0c4c62.76761d4a.html]
[smaco2.uestc.edu.cn/js/chunk-2d0c514f.40404e7c.html]
[smaco2.uestc.edu.cn/js/chunk-2d0c89b9.bdea0062.html]
[smaco2.uestc.edu.cn/js/chunk-2d0c8d68.b5462891.html]
[smaco2.uestc.edu.cn/js/chunk-2d0c9b18.1d220015.html]
[smaco2.uestc.edu.cn/js/chunk-2d0cb733.d9ec0b25.html]
[smaco2.uestc.edu.cn/js/chunk-2d0ce7de.8a19c692.html]
[smaco2.uestc.edu.cn/js/chunk-2d0d0645.700f6d17.html]
[smaco2.uestc.edu.cn/js/chunk-2d0d0999.11a573f9.html]
[smaco2.uestc.edu.cn/js/chunk-2d0d09f7.ec1bc29b.html]
[smaco2.uestc.edu.cn/js/chunk-2d0d6d34.30eb59ab.html]
[smaco2.uestc.edu.cn/js/chunk-2d0d7676.a0749a54.html]
[smaco2.uestc.edu.cn/js/chunk-2d0dd7b1.8f3a7b12.html]
[smaco2.uestc.edu.cn/js/chunk-2d0dd86d.ed77e84a.html]
[smaco2.uestc.edu.cn/js/chunk-2d0de8a5.896b8e62.html]
[smaco2.uestc.edu.cn/js/chunk-2d0dea96.50c3d234.html]
[smaco2.uestc.edu.cn/js/chunk-2d0deeee.dfe622a5.html]
[smaco2.uestc.edu.cn/js/chunk-2d0e1382.b5352a9f.html]
[smaco2.uestc.edu.cn/js/chunk-2d0e13f3.c7c2cf22.html]
[smaco2.uestc.edu.cn/js/chunk-2d0e4e62.6bc57819.html]
[smaco2.uestc.edu.cn/js/chunk-2d0e5ed9.bfc79bb4.html]
[smaco2.uestc.edu.cn/js/chunk-2d0e634e.42a9f684.html]
[smaco2.uestc.edu.cn/js/chunk-2d0e66d2.696f53ca.html]
[smaco2.uestc.edu.cn/js/chunk-2d0e8fb1.25324da7.html]
[smaco2.uestc.edu.cn/js/chunk-2d0e9ac6.505d9fc7.html]
[smaco2.uestc.edu.cn/js/chunk-2d208a59.034328cf.html]
[smaco2.uestc.edu.cn/js/chunk-2d208c79.258282b0.html]
[smaco2.uestc.edu.cn/js/chunk-2d20f3a5.c850fcce.html]
[smaco2.uestc.edu.cn/js/chunk-2d20f706.d6b695c1.html]
[smaco2.uestc.edu.cn/js/chunk-2d2103fa.48a81b62.html]
[smaco2.uestc.edu.cn/js/chunk-2d2105dc.e3da5f39.html]
[smaco2.uestc.edu.cn/js/chunk-2d212c15.3e796c00.html]
[smaco2.uestc.edu.cn/js/chunk-2d212c61.f556dce8.html]
[smaco2.uestc.edu.cn/js/chunk-2d213143.8ce66a5f.html]
[smaco2.uestc.edu.cn/js/chunk-2d215c95.0f6fdcfb.html]
[smaco2.uestc.edu.cn/js/chunk-2d216d56.f2928dcc.html]
[smaco2.uestc.edu.cn/js/chunk-2d216efc.04c8e66d.html]
[smaco2.uestc.edu.cn/js/chunk-2d21af1a.88951d81.js]
[smaco2.uestc.edu.cn/js/chunk-2d21d693.cdf8701b.html]
[smaco2.uestc.edu.cn/js/chunk-2d2214c0.4e5d6807.html]
[smaco2.uestc.edu.cn/js/chunk-2d221c41.fde34f04.html]
[smaco2.uestc.edu.cn/js/chunk-2d224a91.0f71c1ab.html]
[smaco2.uestc.edu.cn/js/chunk-2d228d1d.28f0e611.html]
[smaco2.uestc.edu.cn/js/chunk-2d229788.2a54afcc.html]
[smaco2.uestc.edu.cn/js/chunk-2d22a125.88ac69ac.html]
[smaco2.uestc.edu.cn/js/chunk-2d22a1b8.1b7f42f0.html]
[smaco2.uestc.edu.cn/js/chunk-2d22c332.8047c5be.html]
[smaco2.uestc.edu.cn/js/chunk-2d22ca75.bb21ab3f.html]
[smaco2.uestc.edu.cn/js/chunk-2d22e11a.85924a5a.html]
[smaco2.uestc.edu.cn/js/chunk-2d230e55.e3b636dc.html]
[smaco2.uestc.edu.cn/js/chunk-2e17fab9.aedf02c1.html]
[smaco2.uestc.edu.cn/js/chunk-3426475c.143452fc.js]
[smaco2.uestc.edu.cn/js/chunk-357f56ae.a778f126.html]
[smaco2.uestc.edu.cn/js/chunk-39494da6.e2fc4846.html]
[smaco2.uestc.edu.cn/js/chunk-3ab73be7.960e8730.html]
[smaco2.uestc.edu.cn/js/chunk-4448a677.11961c8e.html]
[smaco2.uestc.edu.cn/js/chunk-5df98e76.deac076f.html]
[smaco2.uestc.edu.cn/js/chunk-63d843c2.84929f8c.html]
[smaco2.uestc.edu.cn/js/chunk-6b407fd0.b564c827.html]
[smaco2.uestc.edu.cn/js/chunk-6b9ecbce.6eb2c425.html]
[smaco2.uestc.edu.cn/js/chunk-6e83591c.3d060557.js]
[smaco2.uestc.edu.cn/js/chunk-725604ac.87dd7c30.html]
[smaco2.uestc.edu.cn/js/chunk-7260556d.344f3dd9.html]
[smaco2.uestc.edu.cn/js/chunk-7260cd71.62bf5eb6.html]
[smaco2.uestc.edu.cn/js/chunk-74b64543.e43e99f5.html]
[smaco2.uestc.edu.cn/js/chunk-76313187.5ca3acde.html]
[smaco2.uestc.edu.cn/js/chunk-7e665d7b.14b51eb4.html]
[smaco2.uestc.edu.cn/js/chunk-8ddf060c.17fe54ac.html]
[120.26.82.151_8082/_files/chunk-b2496998.1d2a3425.js]
[smaco2.uestc.edu.cn/js/chunk-b48739f8.c9e8c2c0.html]
[smaco2.uestc.edu.cn/js/chunk-c8046b5e.9ea432b5.html]
[smaco2.uestc.edu.cn/js/chunk-f7556824.4bebf4f0.html]
[smaco2.uestc.edu.cn/js/chunk-f77a419e.b6065d88.html]
[smaco2.uestc.edu.cn/js/chunk-f77f531a.f14ab8c0.html]
[smaco2.uestc.edu.cn/js/home.a7b85238.html]
[smaco2.uestc.edu.cn/js/pass.a01b1f07.html]
[smaco2.uestc.edu.cn/js/personal.ea23f2c2.html]
[smaco2.uestc.edu.cn/js/reservation.2c5d04da.html]
[smaco2.uestc.edu.cn/js/statistics.dd4224db.html]
[smaco2.uestc.edu.cn/js/test.1b353c4e.html]
[smaco2.uestc.edu.cn/js/useradmin.039bc1b0.html]
[smaco2.uestc.edu.cn/js/violation.454b72ce.html]
[smaco2.uestc.edu.cn/img/icons/ico.png]
[120.26.82.151_8082/_16004424622163.png]
[120.26.82.151_8082/_16004430011980.png]
[120.26.82.151_8082/_16004431156539.png]
[120.26.82.151_8082/1604977893(1).png]
[120.26.82.151_8082/_files/app.ee7d2bb3.js]
[120.26.82.151_8082/index.html]
[smaco2.uestc.edu.cn/css/chunk-07a4c74b.808757e2.css]
[smaco2.uestc.edu.cn/css/chunk-15d1757e.a4bb7668.css]
[smaco2.uestc.edu.cn/css/chunk-1a8cf038.70774aa0.css]
[smaco2.uestc.edu.cn/css/chunk-1cf506c1.808757e2.css]
[smaco2.uestc.edu.cn/css/chunk-4448a677.808757e2.css]
[smaco2.uestc.edu.cn/css/chunk-63d843c2.70774aa0.css]
[smaco2.uestc.edu.cn/css/chunk-6b407fd0.808757e2.css]
[smaco2.uestc.edu.cn/css/chunk-8ddf060c.808757e2.css]
[120.26.82.151_8082/_files/chunk-b2496998.ca4f56d8.css]
[smaco2.uestc.edu.cn/css/chunk-b48739f8.808757e2.css]
[smaco2.uestc.edu.cn/css/chunk-c8046b5e.808757e2.css]
[smaco2.uestc.edu.cn/css/favicon.html]
[smaco2.uestc.edu.cn/css/chunk-1d38f3d1.ad67e149.css]
[smaco2.uestc.edu.cn/css/reservation.31e82a19.css]
[smaco2.uestc.edu.cn/js/chunk-07a4c74b.9ceb7b96.js]
[smaco2.uestc.edu.cn/js/chunk-15d1757e.29894d6c.js]
[smaco2.uestc.edu.cn/js/chunk-1cf506c1.fe8b08a3.js]
[smaco2.uestc.edu.cn/js/chunk-1a8cf038.9642b707.js]
[smaco2.uestc.edu.cn/js/chunk-1d38f3d1.0b49d4f9.js]
[smaco2.uestc.edu.cn/js/chunk-1e1da183.eab21c10.js]
[smaco2.uestc.edu.cn/js/chunk-1e319453.88a5a09c.js]
[smaco2.uestc.edu.cn/js/chunk-2a5e4bc4.fce45a6b.js]
[smaco2.uestc.edu.cn/js/chunk-2d0aab24.032d33a2.js]
[smaco2.uestc.edu.cn/js/chunk-2bca2e41.1ccc3af6.js]
[smaco2.uestc.edu.cn/js/chunk-2d0ab081.339c87b3.js]
[smaco2.uestc.edu.cn/js/chunk-2d0ac1dd.298f4cda.js]
[smaco2.uestc.edu.cn/js/chunk-2d0b21d1.75a15867.js]
[smaco2.uestc.edu.cn/js/chunk-2d0b3d72.4c61aabd.js]
[smaco2.uestc.edu.cn/js/chunk-2d0b3a77.fab80039.js]
[smaco2.uestc.edu.cn/js/chunk-2d0b91cb.8c837d4e.js]
[smaco2.uestc.edu.cn/js/chunk-2d0baaf8.cd49f75f.js]
[smaco2.uestc.edu.cn/js/chunk-2d0ba717.bd9e477c.js]
[smaco2.uestc.edu.cn/js/chunk-2d0bb297.c3a8c13e.js]
[smaco2.uestc.edu.cn/js/chunk-2d0bd9e4.38e9cf43.js]
[smaco2.uestc.edu.cn/js/chunk-2d0bd98c.0bb490e8.js]
[smaco2.uestc.edu.cn/js/chunk-2d0bfee4.82a9af72.js]
[smaco2.uestc.edu.cn/js/chunk-2d0c267b.a104049b.js]
[smaco2.uestc.edu.cn/js/chunk-2d0c42f4.34ce57e9.js]
[smaco2.uestc.edu.cn/js/chunk-2d0c4c62.310c0112.js]
[smaco2.uestc.edu.cn/js/chunk-2d0c514f.6e2dec5e.js]
[smaco2.uestc.edu.cn/js/chunk-2d0c89b9.7d8a557d.js]
[smaco2.uestc.edu.cn/js/chunk-2d0c9b18.4e84b99a.js]
[smaco2.uestc.edu.cn/js/chunk-2d0cb733.0f9222cb.js]
[smaco2.uestc.edu.cn/js/chunk-2d0ce7de.6aa7a6d2.js]
[smaco2.uestc.edu.cn/js/chunk-2d0d0645.d74a1490.js]
[smaco2.uestc.edu.cn/js/chunk-2d0d019f.8a5bad62.js]
[smaco2.uestc.edu.cn/js/chunk-2d0d0999.1e085015.js]
[smaco2.uestc.edu.cn/js/chunk-2d0d09f7.80b0e60d.js]
[smaco2.uestc.edu.cn/js/chunk-2d0d6d34.991e83d8.js]
[smaco2.uestc.edu.cn/js/chunk-2d0d7676.b30dd62c.js]
[smaco2.uestc.edu.cn/js/chunk-2d0dd7b1.6ab4a9af.js]
[smaco2.uestc.edu.cn/js/chunk-2d0de8a5.78d770e7.js]
[smaco2.uestc.edu.cn/js/chunk-2d0dd86d.6b129c49.js]
[smaco2.uestc.edu.cn/js/chunk-2d0dea96.cc6b0d2e.js]
[smaco2.uestc.edu.cn/js/chunk-2d0e1382.f3d5e191.js]
[smaco2.uestc.edu.cn/js/chunk-2d0e13f3.0e3a7921.js]
[smaco2.uestc.edu.cn/js/chunk-2d0e4e62.a193b773.js]
[smaco2.uestc.edu.cn/js/chunk-2d0e5ed9.f2326f22.js]
[smaco2.uestc.edu.cn/js/chunk-2d0e634e.1f080349.js]
[smaco2.uestc.edu.cn/js/chunk-2d0e66d2.1210fa32.js]
[smaco2.uestc.edu.cn/js/chunk-2d0e8fb1.05497fcb.js]
[smaco2.uestc.edu.cn/js/chunk-2d0e9ac6.b8a10f58.js]
[smaco2.uestc.edu.cn/js/chunk-2d208a59.5e5270f1.js]
[smaco2.uestc.edu.cn/js/chunk-2d208c79.dd026dcd.js]
[smaco2.uestc.edu.cn/js/chunk-2d20f3a5.6ab580d6.js]
[smaco2.uestc.edu.cn/js/chunk-2d20f706.d4ac6efb.js]
[smaco2.uestc.edu.cn/js/chunk-2d2103fa.f47761c2.js]
[smaco2.uestc.edu.cn/js/chunk-2d2105dc.a99bdeaf.js]
[smaco2.uestc.edu.cn/js/chunk-2d212c15.71f19b22.js]
[smaco2.uestc.edu.cn/js/chunk-2d212c61.65e728c0.js]
[smaco2.uestc.edu.cn/js/chunk-2d215c95.463fe45a.js]
[smaco2.uestc.edu.cn/js/chunk-2d213143.81b8e528.js]
[smaco2.uestc.edu.cn/js/chunk-2d216d56.3e60dc28.js]
[smaco2.uestc.edu.cn/js/chunk-2d216efc.0142a79d.js]
[smaco2.uestc.edu.cn/js/chunk-2d21a5ab.96389537.js]
[smaco2.uestc.edu.cn/js/chunk-2d21d693.71c199fe.js]
[smaco2.uestc.edu.cn/js/chunk-2d2214c0.ea1aa04c.js]
[smaco2.uestc.edu.cn/js/chunk-2d221c41.7dddc4b5.js]
[smaco2.uestc.edu.cn/js/chunk-2d224a91.22a232d4.js]
[smaco2.uestc.edu.cn/js/chunk-2d228d1d.9d8ac075.js]
[smaco2.uestc.edu.cn/js/chunk-2d229788.7375d297.js]
[smaco2.uestc.edu.cn/js/chunk-2d22a125.680df2b2.js]
[smaco2.uestc.edu.cn/js/chunk-2d22a1b8.d7783aa8.js]
[smaco2.uestc.edu.cn/js/chunk-2d22c332.e8ad652f.js]
[smaco2.uestc.edu.cn/js/chunk-2d22ca75.9c687cce.js]
[smaco2.uestc.edu.cn/js/chunk-2d22e11a.86353a53.js]
[smaco2.uestc.edu.cn/js/chunk-2d230e55.9c89bb99.js]
[smaco2.uestc.edu.cn/js/chunk-2e17fab9.48ce6498.js]
[smaco2.uestc.edu.cn/js/chunk-357f56ae.b7b31cc1.js]
[smaco2.uestc.edu.cn/js/chunk-39494da6.1964b3e9.js]
[smaco2.uestc.edu.cn/js/chunk-3ab73be7.6dfe29a4.js]
[smaco2.uestc.edu.cn/js/chunk-4448a677.644d1904.js]
[smaco2.uestc.edu.cn/js/chunk-5df98e76.50ccd0de.js]
[smaco2.uestc.edu.cn/js/chunk-63d843c2.f7ea8444.js]
[smaco2.uestc.edu.cn/js/chunk-6b407fd0.0afc2e75.js]
[smaco2.uestc.edu.cn/js/chunk-725604ac.789071b4.js]
[smaco2.uestc.edu.cn/js/chunk-74b64543.05a8e337.js]
[smaco2.uestc.edu.cn/js/chunk-76313187.263d3e3a.js]
[smaco2.uestc.edu.cn/js/chunk-7e665d7b.ed860a5b.js]
[smaco2.uestc.edu.cn/js/chunk-8ddf060c.1f4f81e2.js]
[smaco2.uestc.edu.cn/js/chunk-b48739f8.74683560.js]
[smaco2.uestc.edu.cn/js/chunk-c8046b5e.ad372cc6.js]
[smaco2.uestc.edu.cn/js/chunk-f70b74a4.92889506.js]
[smaco2.uestc.edu.cn/js/chunk-f7556824.137581d3.js]
[smaco2.uestc.edu.cn/js/chunk-f77a419e.c38641d7.js]
[smaco2.uestc.edu.cn/js/chunk-f77f531a.192ec55b.js]
[smaco2.uestc.edu.cn/js/home.922128c7.js]
[smaco2.uestc.edu.cn/js/pass.4daa6fc4.js]
[smaco2.uestc.edu.cn/js/personal.a3cef33c.js]
[smaco2.uestc.edu.cn/js/reservation.aa143940.js]
[smaco2.uestc.edu.cn/js/statistics.86944f13.js]
[smaco2.uestc.edu.cn/js/test.1c95fc8d.js]
[smaco2.uestc.edu.cn/js/violation.f1821224.js]
[smaco2.uestc.edu.cn/js/useradmin.0f746f76.js]
[smaco2.uestc.edu.cn/css/app.32e770dd.css]
[smaco2.uestc.edu.cn/css/chunk-vendors.04fb77aa.css]
[smaco2.uestc.edu.cn/css/reservation.70774aa0.html]
[smaco2.uestc.edu.cn/css/test.d005bde3.css]
[smaco2.uestc.edu.cn/css/useradmin.70774aa0.css]
[smaco2.uestc.edu.cn/css/violation.6c7a9591.css]
[smaco2.uestc.edu.cn/js/chunk-07a4c74b.00cdc80e.html]
[smaco2.uestc.edu.cn/js/chunk-15d1757e.551c9487.html]
[smaco2.uestc.edu.cn/js/chunk-1a8cf038.ed3e68c7.html]
[smaco2.uestc.edu.cn/js/chunk-1cf506c1.9ab3a5ef.html]
[smaco2.uestc.edu.cn/js/chunk-1e1da183.344e94c9.html]
[smaco2.uestc.edu.cn/js/chunk-1e319453.2c334cb0.html]
[smaco2.uestc.edu.cn/js/chunk-2bca2e41.bd0cb88b.html]
[smaco2.uestc.edu.cn/js/chunk-2d0aab24.6b5d6271.html]
[smaco2.uestc.edu.cn/js/chunk-2d0ab081.a570a041.html]
[smaco2.uestc.edu.cn/js/chunk-2d0b21d1.b68ce496.html]
[smaco2.uestc.edu.cn/js/chunk-2d0b3a77.d91451ba.html]
[smaco2.uestc.edu.cn/js/chunk-2d0b3d72.a11afcb9.html]
[smaco2.uestc.edu.cn/js/chunk-2d0b91cb.fbb64e05.html]
[smaco2.uestc.edu.cn/js/chunk-2d0ba717.ddec60d2.html]
[smaco2.uestc.edu.cn/js/chunk-2d0baaf8.a35c584b.html]
[smaco2.uestc.edu.cn/js/chunk-2d0bb297.ae0f5ec6.html]
[smaco2.uestc.edu.cn/js/chunk-2d0bd98c.9e09621c.html]
[smaco2.uestc.edu.cn/js/chunk-2d0bd9e4.d066f474.html]
[smaco2.uestc.edu.cn/js/chunk-2d0bfee4.e3000068.html]
[smaco2.uestc.edu.cn/js/chunk-2d0c267b.984b68fa.html]
[smaco2.uestc.edu.cn/js/chunk-2d0c42f4.19950d3e.html]
[smaco2.uestc.edu.cn/js/chunk-2d0c4c62.76761d4a.html]
[smaco2.uestc.edu.cn/js/chunk-2d0c514f.40404e7c.html]
[smaco2.uestc.edu.cn/js/chunk-2d0c89b9.bdea0062.html]
[smaco2.uestc.edu.cn/js/chunk-2d0c8d68.b5462891.html]
[smaco2.uestc.edu.cn/js/chunk-2d0c9b18.1d220015.html]
[smaco2.uestc.edu.cn/js/chunk-2d0cb733.d9ec0b25.html]
[smaco2.uestc.edu.cn/js/chunk-2d0ce7de.8a19c692.html]
[smaco2.uestc.edu.cn/js/chunk-2d0d0645.700f6d17.html]
[smaco2.uestc.edu.cn/js/chunk-2d0d0999.11a573f9.html]
[smaco2.uestc.edu.cn/js/chunk-2d0d09f7.ec1bc29b.html]
[smaco2.uestc.edu.cn/js/chunk-2d0d6d34.30eb59ab.html]
[smaco2.uestc.edu.cn/js/chunk-2d0d7676.a0749a54.html]
[smaco2.uestc.edu.cn/js/chunk-2d0dd7b1.8f3a7b12.html]
[smaco2.uestc.edu.cn/js/chunk-2d0dd86d.ed77e84a.html]
[smaco2.uestc.edu.cn/js/chunk-2d0de8a5.896b8e62.html]
[smaco2.uestc.edu.cn/js/chunk-2d0dea96.50c3d234.html]
[smaco2.uestc.edu.cn/js/chunk-2d0deeee.dfe622a5.html]
[smaco2.uestc.edu.cn/js/chunk-2d0e1382.b5352a9f.html]
[smaco2.uestc.edu.cn/js/chunk-2d0e13f3.c7c2cf22.html]
[smaco2.uestc.edu.cn/js/chunk-2d0e4e62.6bc57819.html]
[smaco2.uestc.edu.cn/js/chunk-2d0e5ed9.bfc79bb4.html]
[smaco2.uestc.edu.cn/js/chunk-2d0e634e.42a9f684.html]
[smaco2.uestc.edu.cn/js/chunk-2d0e66d2.696f53ca.html]
[smaco2.uestc.edu.cn/js/chunk-2d0e8fb1.25324da7.html]
[smaco2.uestc.edu.cn/js/chunk-2d0e9ac6.505d9fc7.html]
[smaco2.uestc.edu.cn/js/chunk-2d208a59.034328cf.html]
[smaco2.uestc.edu.cn/js/chunk-2d208c79.258282b0.html]
[smaco2.uestc.edu.cn/js/chunk-2d20f3a5.c850fcce.html]
[smaco2.uestc.edu.cn/js/chunk-2d20f706.d6b695c1.html]
[smaco2.uestc.edu.cn/js/chunk-2d2103fa.48a81b62.html]
[smaco2.uestc.edu.cn/js/chunk-2d2105dc.e3da5f39.html]
[smaco2.uestc.edu.cn/js/chunk-2d212c15.3e796c00.html]
[smaco2.uestc.edu.cn/js/chunk-2d212c61.f556dce8.html]
[smaco2.uestc.edu.cn/js/chunk-2d213143.8ce66a5f.html]
[smaco2.uestc.edu.cn/js/chunk-2d215c95.0f6fdcfb.html]
[smaco2.uestc.edu.cn/js/chunk-2d216d56.f2928dcc.html]
[smaco2.uestc.edu.cn/js/chunk-2d216efc.04c8e66d.html]
[smaco2.uestc.edu.cn/js/chunk-2d21d693.cdf8701b.html]
[smaco2.uestc.edu.cn/js/chunk-2d2214c0.4e5d6807.html]
[smaco2.uestc.edu.cn/js/chunk-2d221c41.fde34f04.html]
[smaco2.uestc.edu.cn/js/chunk-2d224a91.0f71c1ab.html]
[smaco2.uestc.edu.cn/js/chunk-2d228d1d.28f0e611.html]
[smaco2.uestc.edu.cn/js/chunk-2d229788.2a54afcc.html]
[smaco2.uestc.edu.cn/js/chunk-2d22a125.88ac69ac.html]
[smaco2.uestc.edu.cn/js/chunk-2d22a1b8.1b7f42f0.html]
[smaco2.uestc.edu.cn/js/chunk-2d22c332.8047c5be.html]
[smaco2.uestc.edu.cn/js/chunk-2d22ca75.bb21ab3f.html]
[smaco2.uestc.edu.cn/js/chunk-2d22e11a.85924a5a.html]
[smaco2.uestc.edu.cn/js/chunk-2d230e55.e3b636dc.html]
[smaco2.uestc.edu.cn/js/chunk-2e17fab9.aedf02c1.html]
[smaco2.uestc.edu.cn/js/chunk-357f56ae.a778f126.html]
[smaco2.uestc.edu.cn/js/chunk-39494da6.e2fc4846.html]
[smaco2.uestc.edu.cn/js/chunk-3ab73be7.960e8730.html]
[smaco2.uestc.edu.cn/js/chunk-4448a677.11961c8e.html]
[smaco2.uestc.edu.cn/js/chunk-5df98e76.deac076f.html]
[smaco2.uestc.edu.cn/js/chunk-63d843c2.84929f8c.html]
[smaco2.uestc.edu.cn/js/chunk-6b407fd0.b564c827.html]
[smaco2.uestc.edu.cn/js/chunk-6b9ecbce.6eb2c425.html]
[smaco2.uestc.edu.cn/js/chunk-725604ac.87dd7c30.html]
[smaco2.uestc.edu.cn/js/chunk-7260556d.344f3dd9.html]
[smaco2.uestc.edu.cn/js/chunk-7260cd71.62bf5eb6.html]
[smaco2.uestc.edu.cn/js/chunk-74b64543.e43e99f5.html]
[smaco2.uestc.edu.cn/js/chunk-76313187.5ca3acde.html]
[smaco2.uestc.edu.cn/js/chunk-7e665d7b.14b51eb4.html]
[smaco2.uestc.edu.cn/js/chunk-8ddf060c.17fe54ac.html]
[smaco2.uestc.edu.cn/js/chunk-b48739f8.c9e8c2c0.html]
[smaco2.uestc.edu.cn/js/chunk-c8046b5e.9ea432b5.html]
[smaco2.uestc.edu.cn/js/chunk-f7556824.4bebf4f0.html]
[smaco2.uestc.edu.cn/js/chunk-f77a419e.b6065d88.html]
[smaco2.uestc.edu.cn/js/chunk-f77f531a.f14ab8c0.html]
[smaco2.uestc.edu.cn/js/home.a7b85238.html]
[smaco2.uestc.edu.cn/js/pass.a01b1f07.html]
[smaco2.uestc.edu.cn/js/personal.ea23f2c2.html]
[smaco2.uestc.edu.cn/js/reservation.2c5d04da.html]
[smaco2.uestc.edu.cn/js/statistics.dd4224db.html]
[smaco2.uestc.edu.cn/js/test.1b353c4e.html]
[smaco2.uestc.edu.cn/js/useradmin.039bc1b0.html]
[smaco2.uestc.edu.cn/js/violation.454b72ce.html]
[120.26.82.151_8082/_files/app.45e01e14.css]
[smaco2.uestc.edu.cn/js/favicon.html]
[smaco2.uestc.edu.cn/js/app.3cce04b4.js]
[smaco2.uestc.edu.cn/js/chunk-vendors.98c206fb.js]
[120.26.82.151_8082/_files/chunk-vendors.97b05c2c.css]
[120.26.82.151_8082/_files/app.ee7d2bb3.js.html]
[120.26.82.151_8082/_files/chunk-vendors.98c206fb.js.html]
[120.26.82.151_8082/_files/chunk-b2496998.1d2a3425.js.html]
[120.26.82.151_8082/_files/chunk-vendors.98c206fb.html]
[120.26.82.151_8082/wechat/images/nopng.html]
[smaco2.uestc.edu.cn/css/favicon.html]
[smaco2.uestc.edu.cn/css/chunk-1d38f3d1.ad67e149.css]
[smaco2.uestc.edu.cn/css/chunk-2a5e4bc4.ca4f56d8.css]
[smaco2.uestc.edu.cn/css/chunk-f70b74a4.c6e519e6.css]
[smaco2.uestc.edu.cn/css/reservation.31e82a19.css]
[smaco2.uestc.edu.cn/css/app.32e770dd.css]
[smaco2.uestc.edu.cn/css/chunk-vendors.04fb77aa.css]
[smaco2.uestc.edu.cn/js/favicon.html]
[120.26.82.151_8082/fonts/Roboto-Thin.ad538a69.html]
[120.26.82.151_8082/fonts/Roboto-Thin.d3b47375.html]
[120.26.82.151_8082/fonts/Roboto-ThinItalic.5b4a33e1.html]
[120.26.82.151_8082/fonts/Roboto-ThinItalic.8a96edbb.html]
[120.26.82.151_8082/fonts/Roboto-Light.d26871e8.html]
[120.26.82.151_8082/fonts/Roboto-Light.c73eb1ce.html]
[120.26.82.151_8082/fonts/Roboto-LightItalic.e8eaae90.html]
[120.26.82.151_8082/fonts/Roboto-LightItalic.13efe6cb.html]
[120.26.82.151_8082/fonts/Roboto-Regular.73f0a88b.html]
[120.26.82.151_8082/fonts/Roboto-Regular.35b07eb2.html]
[120.26.82.151_8082/fonts/Roboto-RegularItalic.4357beb8.html]
[120.26.82.151_8082/fonts/Roboto-RegularItalic.f5902d5e.html]
[120.26.82.151_8082/fonts/Roboto-Medium.90d16760.html]
[120.26.82.151_8082/fonts/Roboto-Medium.1d659482.html]
[120.26.82.151_8082/fonts/Roboto-MediumItalic.13ec0eb5.html]
[120.26.82.151_8082/fonts/Roboto-MediumItalic.83e114c3.html]
[120.26.82.151_8082/fonts/Roboto-Bold.b52fac2b.html]
[120.26.82.151_8082/fonts/Roboto-Bold.50d75e48.html]
[120.26.82.151_8082/fonts/Roboto-BoldItalic.94008e69.html]
[120.26.82.151_8082/fonts/Roboto-BoldItalic.4fe0f73c.html]
[120.26.82.151_8082/fonts/Roboto-Black.59eb3601.html]
[120.26.82.151_8082/fonts/Roboto-Black.313a6563.html]
[120.26.82.151_8082/fonts/Roboto-BlackItalic.f75569f8.html]
[120.26.82.151_8082/fonts/Roboto-BlackItalic.cc2fadc3.html]
[120.26.82.151_8082/fonts/materialdesignicons-webfont.abb4e749.html]
[120.26.82.151_8082/fonts/materialdesignicons-webfont.abb4e749d41d.html]
[120.26.82.151_8082/fonts/materialdesignicons-webfont.45911874.html]
[120.26.82.151_8082/fonts/materialdesignicons-webfont.4b882ad4.html]
[120.26.82.151_8082/fonts/materialdesignicons-webfont.d15c1216.html]
[120.26.82.151_8082/img/materialdesignicons-webfont.ae4dbede.html]
